<?xml version="1.0" ?>
<Viewbox Name="test" Stretch="Uniform" xmlns="http://schemas.microsoft.com/winfx/2006/xaml/presentation" xmlns:d="http://schemas.microsoft.com/expression/blend/2008" xmlns:x="http://schemas.microsoft.com/winfx/2006/xaml">
    <Canvas Height="1000.0" UseLayoutRounding="False" Width="1000.0">
        <Canvas.Clip>
            <RectangleGeometry Rect="0.0,0.0,1000.0,1000.0"/>
        </Canvas.Clip>
        <Canvas UseLayoutRounding="False">
            <Rectangle Canvas.Left="651.3089" Canvas.Top="353.92661" Fill="#ffff0000" Height="201.49811" Opacity="0.5" RadiusX="0.0" RadiusY="0.0" Width="248.69112"/>
        </Canvas>
        <Canvas UseLayoutRounding="False">
            <Ellipse Canvas.Left="100.0" Canvas.Top="400.0" Fill="#ff000080" Height="100.0" Width="100.0"/>
            <Ellipse Canvas.Left="292.0" Canvas.Top="392.0" Height="116.0" Stroke="#ffff0000" StrokeDashCap="Flat" StrokeThickness="16.0" Width="216.0"/>
            <Path Fill="#ffffff00" Stroke="#ff008000" StrokeDashCap="Flat" StrokeThickness="16.0">
                <Path.Data>
                    <PathGeometry Figures="m 783.086 477.824 a 100 50 0 0 1 -111.098 20.1744 a 100 50 0 0 1 -71.963 -46.8834 a 100 50 0 0 1 67.7113 -48.4409 a 100 50 0 0 1 112.787 17.6779 L 700 450 Z" FillRule="Nonzero"/>
                </Path.Data>
            </Path>
            <Canvas>
                <Path Stroke="#ff000000" StrokeDashCap="Flat" StrokeThickness="10.0">
                    <Path.Data>
                        <PathGeometry Figures="M 100 600 L 200 700 L 300 600 L 400 700" FillRule="Nonzero"/>
                    </Path.Data>
                </Path>
                <Canvas RenderTransform="7.0710678118654755,7.0710678118654755,-7.0710678118654755,7.0710678118654755,100.0,600.0" UseLayoutRounding="False">
                    <Path Fill="#ff000000" RenderTransform="1.1,0.0,0.0,1.1,1.1,0.0" Stroke="#ff000000" StrokeDashCap="Flat" StrokeLineJoin="Round" StrokeThickness="0.625">
                        <Path.Data>
                            <PathGeometry Figures="M 8.71859 4.03374 L -2.20729 0.0160133 L 8.71859 -4.00171 C 6.97309 -1.62965 6.98315 1.61574 8.71859 4.03374 z"/>
                        </Path.Data>
                    </Path>
                </Canvas>
            </Canvas>
            <Path Stroke="#ff000000" StrokeDashCap="Flat" StrokeThickness="10.0">
                <Path.Data>
                    <PathGeometry Figures="m 500 600 c 0 0 0 100 100 100 c 100 0 0 -100 100 -100 c 100 0 100 100 100 100" FillRule="Nonzero"/>
                </Path.Data>
            </Path>
            <Path Fill="#ffffff00" Stroke="#ff008000" StrokeDashCap="Flat" StrokeThickness="10.0">
                <Path.Data>
                    <PathGeometry Figures="m 244.833 889.14 l -45.3389 -8.13446 l -32.4043 32.7375 l -6.27415 -45.6335 l -41.1487 -20.7018 l 41.4612 -20.0686 l 6.97297 -45.532 l 31.8986 33.2304 l 45.4582 -7.43847 l -21.7468 40.6061 z" FillRule="Nonzero"/>
                </Path.Data>
            </Path>
            <Path Fill="#ffffff00" RenderTransform="1.0,0.0,0.0,1.0,200.0,2.99622" Stroke="#ff008000" StrokeDashCap="Flat" StrokeThickness="10.0">
                <Path.Data>
                    <PathGeometry Figures="m 244.833 889.14 l -45.3389 -8.13446 l -32.4043 32.7375 l -6.27415 -45.6335 l -41.1487 -20.7018 l 41.4612 -20.0686 l 6.97297 -45.532 l 31.8986 33.2304 l 45.4582 -7.43847 l -21.7468 40.6061 z" FillRule="Nonzero"/>
                </Path.Data>
            </Path>
        </Canvas>
        <Canvas UseLayoutRounding="False">
            <TextBlock Canvas.Left="100.0" Canvas.Top="87.16666639249999" FontFamily="Arial" FontSize="14.66666698" Foreground="#ff000000" LineHeight="18.333333725">
                Hello World
                <LineBreak/>
            </TextBlock>
            <TextBlock Canvas.Left="105.71429" Canvas.Top="224.66254" FontFamily="Arial" FontSize="40.0" Foreground="#ff000000" LineHeight="50.0" RenderTransform="0.26458333,0.0,0.0,0.26458333,294.2855588767857,-136.3160720405418" TextWrapping="Wrap" Width="264.5675">
                <Span FontSize="55.43307114">flow text which wraps</Span>
                <LineBreak/>
            </TextBlock>
            <TextBlock Canvas.Left="200.0" Canvas.Top="87.16666639249999" FontFamily="Arial" FontSize="14.66666698" Foreground="#ff000000" LineHeight="18.333333725">
                UPPER
                <LineBreak/>
            </TextBlock>
            <TextBlock Canvas.Left="300.0" Canvas.Top="90.73958360750001" FontFamily="Arial" FontSize="10.58333302" Foreground="#ff000000" LineHeight="13.229166274999999">
                <Span FontSize="14.66666698">Multi line</Span>
                <LineBreak/>
                <Span FontSize="14.66666698">text</Span>
                <LineBreak/>
                <Span FontSize="14.66666698">FOO</Span>
                <LineBreak/>
            </TextBlock>
            <Canvas RenderTransform="1.0,0.0,0.0,1.0,445.71038,-129.64807" UseLayoutRounding="False">
                <TextBlock Canvas.Left="54.289616" Canvas.Top="220.3876536075" FontFamily="Arial" FontSize="10.58333302" Foreground="#ff000000" LineHeight="13.229166274999999">
                    <Span FontSize="14.66666698">Grouped</Span>
                    <LineBreak/>
                </TextBlock>
                <TextBlock Canvas.Left="54.289619" Canvas.Top="246.8147363925" FontFamily="Arial" FontSize="14.66666698" Foreground="#ff000000" LineHeight="18.333333725">
                    text
                    <LineBreak/>
                </TextBlock>
            </Canvas>
            <Rectangle Canvas.Left="100.0" Canvas.Top="200.0" Fill="#ff000080" Height="100.0" RadiusX="0.0" RadiusY="0.0" Width="100.0"/>
            <Rectangle Canvas.Left="292.0" Canvas.Top="192.0" Height="116.0" RadiusX="0.0" RadiusY="0.0" Stroke="#ffff0000" StrokeDashCap="Flat" StrokeThickness="16.0" Width="216.0"/>
            <Rectangle Canvas.Left="592.0" Canvas.Top="192.0" Fill="#ffffff00" Height="116.0" RadiusX="44.943226" RadiusY="38.950798" Stroke="#ff008000" StrokeDashCap="Flat" StrokeThickness="16.0" Width="216.0"/>
        </Canvas>
    </Canvas>
</Viewbox>
