IN;PU;SP1;PU6047,5833;PD12094,5833,6047,0,6047,5833;SP0;PU0,0;IN; 