<!-- Created with Inkscape (http://www.inkscape.org/) --><svg xmlns:dc="http://purl.org/dc/elements/1.1/" xmlns:cc="http://creativecommons.org/ns#" xmlns:rdf="http://www.w3.org/1999/02/22-rdf-syntax-ns#" xmlns:svg="http://www.w3.org/2000/svg" xmlns="http://www.w3.org/2000/svg" version="1.1" width="210mm" height="297mm" viewbox="0 0 210 297">
<ns0:namedview xmlns:ns0="http://sodipodi.sourceforge.net/DTD/sodipodi-0.dtd"/><svg:g xmlns:ns1="http://www.inkscape.org/namespaces/inkscape" ns1:label=""><svg:g transform="matrix(1.33333 0 0 1.33333 -64.8996 -6.928)">
        <svg:g transform="translate(0, 8.196)">
            <svg:g class="typst-text" transform="scale(0.012, -0.012)">
                <svg:g><svg:path d="M 163 442 C 118.33333 442 83.33333 417 58 367 C 38.66667 327.6667 29 300.6667 29 286 C 29 276.6667 34.33333 272 45 272 C 58.690186 272 60.01068 278.04007 64 293 C 87.33333 372.3333 119.33333 412 160 412 C 173.33333 412 180 403 180 385 C 180 369 174.66667 346.3333 164 317 C 126 214.33333 107 144.66667 107 108 C 107 31.669037 154.40005 -13 231 -13 C 264.3333 -13 295 -1 323 23 C 287.6667 -109 232.66669 -175 158.00002 -175 C 124.000015 -175 101.000015 -164 89.000015 -142 C 129.00002 -140 149.00002 -121 149.00002 -85 C 149.00002 -59.66667 135.66669 -47 109.000015 -47 C 71.74512 -47 50.000015 -77.979294 50.000015 -115 C 50.000015 -170.2826 100.16965 -205 158.00002 -205 C 273.42285 -205 366.82858 -99.28848 392.00003 -1 L 486.00003 377 C 488.6667 387.6667 490 395.6667 490 401 C 490 421 479.3333 431 458 431 C 442 431 429.3333 423.3333 420 408 C 414 387.3333 409.3333 369.3333 406 354 L 342 97 C 332.3237 60.713867 278.81827 16 234 16 C 196 16 177 41.33333 177 92 C 177 134 193.66667 198 227 284 C 240.33333 318.6667 247 343 247 357 C 247 406.04575 212.07281 442 163 442 Z "/>
        </svg:g></svg:g>
        </svg:g>
        <svg:g transform="translate(6.216, 8.196)">
            <svg:g class="typst-text" transform="scale(0.012, -0.012)">
                <svg:g><svg:path d="M 318 -248 C 327.3333 -248 332 -243.33333 332 -234 C 332 -230.66667 330.3333 -227 327 -223 C 275 -183 233.33333 -117.33333 202 -26 C 174.66667 53.33333 161 131.33333 161 208 L 161 292 C 161 368.6667 174.66667 446.6667 202 526 C 233.33333 617.3333 275 683 327 723 C 330.3333 726.3333 332 730 332 734 C 332 743.3333 327.3333 748 318 748 C 316.6667 748 314.33334 747 311 745 C 251 699 200.66667 630.6667 160 540 C 120.66667 453.3333 101 370.66666 101 292 L 101 208 C 101 129.33333 120.66667 46.66667 160 -40 C 200.66667 -130.66667 251 -199 311 -245 C 314.3333 -247 316.66666 -248 318 -248 Z "/>
        </svg:g></svg:g>
        </svg:g>
        <svg:g transform="translate(10.884, 8.196)">
            <svg:g class="typst-text" transform="scale(0.012, -0.012)">
                <svg:g><svg:path d="M 330 419 C 330 428.3333 319.6667 433 299 433 L 218 433 C 244 537 257 591 257 595 C 257 615.6667 246.33333 626 225 626 C 202.33333 626 188 613 182 587 L 145 433 L 56 433 C 33.69197 433 23 432.28314 23 411 C 23 400.3333 33.33333 395 54 395 L 135 395 C 86.33333 200.33333 62 96.66667 62 84 C 62 28.287582 100.26053 -11 156 -11 C 194 -11 227.33333 6.3333282 256 41 C 280 69.66667 297.3333 97.66667 308 125 C 312 135.66667 314 142.33333 314 145 C 314 154.33333 309 159 299 159 C 291 159 285 153.66667 281 143 C 247 60.33333 205.66667 19 157 19 C 139.66667 19 131 32.66667 131 60 C 131 75.33333 133 91 137 107 L 208 395 L 297 395 C 322.8777 395 330 397.33197 330 419 Z "/>
        </svg:g></svg:g>
        </svg:g>
        <svg:g transform="translate(15.216, 8.196)">
            <svg:g class="typst-text" transform="scale(0.012, -0.012)">
                <svg:g><svg:path d="M 78 -245 C 138 -199 188.33333 -130.66667 229 -40 C 268.3333 46.66667 288 129.33333 288 208 L 288 292 C 288 370.6667 268.3333 453.33334 228.99998 540 C 188.33331 630.6667 137.99998 699 77.999985 745 C 74.66666 747 72.33331 748 70.999985 748 C 61.666656 748 56.999985 743.3333 56.999985 734 C 56.999985 730 58.666656 726.3333 61.999985 723 C 113.999985 683 155.66666 617.3333 186.99998 526 C 214.33331 446.6667 227.99998 368.6667 227.99998 292 L 227.99998 208 C 227.99998 131.33333 214.33331 53.33333 186.99998 -26 C 155.66666 -117.33333 113.999985 -183 61.999985 -223 C 58.666656 -227 56.999985 -230.66667 56.999985 -234 C 56.999985 -243.33333 61.666656 -248 70.999985 -248 C 72.33331 -248 74.66666 -247 77.999985 -245 Z "/>
        </svg:g></svg:g>
        </svg:g>
        <svg:g transform="translate(23.2173, 8.196)">
            <svg:g class="typst-text" transform="scale(0.012, -0.012)">
                <svg:g><svg:path d="M 698 367 L 80 367 C 64 367 56 359.3333 56 344 C 56 328.6667 64 321 80 321 L 698 321 C 714 321 722 328.6667 722 344 C 722 356.3983 710.68823 367 698 367 Z M 698 179 L 80 179 C 64 179 56 171.33333 56 156 C 56 140.66667 64 133 80 133 L 698 133 C 714 133 722 140.66667 722 156 C 722 169.2549 711.2291 179 698 179 Z "/>
        </svg:g></svg:g>
        </svg:g>
        <svg:g transform="translate(35.8867, 8.196)">
            <svg:g class="typst-text" transform="scale(0.012, -0.012)">
                <svg:g><svg:path d="M 137 3 C 155.41917 3 217.38838 0 236 0 C 250.66667 0 258 7.6666718 258 23 C 258 32.33333 251.66667 37.66667 239 39 C 210.33333 40.33333 196 50.33333 196 69 C 196 78.33333 205.33333 98 224 128 C 250.66667 172.66667 270.3333 206 283 228 L 526 228 C 526 221.33333 527.3333 207 530 185 C 537.3333 111.66667 541 72.33333 541 67 C 541 48.33333 518.6667 39 474 39 C 455.3333 39 446 31 446 15 C 446 5 452 0 464 0 C 487.75397 0 564.2245 3 588 3 C 607.8601 3 679.11884 0 699 0 C 713.6667 0 721 8 721 24 C 721 34 712 39 694 39 C 666 39 649.3333 40.66667 644 44 C 638.6667 47.33333 635.3334 56.33333 634.00006 71 L 574.00006 689 C 571.4553 708.08563 572.00635 716 551.00006 716 C 539.00006 716 529.3334 709.6667 522.00006 697 L 178.00006 120 C 148.00006 70 108.33339 43 59.00006 39 C 43.00006 37.66667 35.00006 29.666672 35.00006 15 C 35.00006 5 40.666733 0 52.00006 0 C 67.58833 0 121.39612 3 137.00006 3 Z M 492.00006 577 L 522.00006 267 L 307.00006 267 Z "/>
        </svg:g></svg:g>
        </svg:g>
        <svg:g transform="translate(47.5533, 8.196)">
            <svg:g class="typst-text" transform="scale(0.012, -0.012)">
                <svg:g><svg:path d="M 192 250 C 192 279.09802 168.09886 303 139 303 C 109.90196 303 86 279.09888 86 250.00002 C 86 220.90198 109.90114 197.00002 139 197.00002 C 168.09804 197.00002 192 220.90115 192 250.00002 Z "/>
        </svg:g></svg:g>
        </svg:g>
        <svg:g transform="translate(53.556, 8.196)">
            <svg:g class="typst-text" transform="scale(0.012, -0.012)">
                <svg:g><svg:path d="M 360 130 C 360 206 308.3333 254 204.99998 274 C 158.33331 283.3333 127.16666 293.66666 111.499985 305 C 95.83331 316.3333 87.999985 331.66666 87.999985 351 C 87.999985 397.6667 122.999985 421 192.99998 421 C 261 421 297.6667 382.6667 303 306 C 303.6667 298 309 294 319 294 C 330.3333 294 336 303 336 321 L 336 420 C 336 438.6667 331 448 321 448 C 310.1122 448 295.4345 430.11572 285 422 C 259.6667 439.3333 229.00002 448 193.00002 448 C 103.6263 448 33.000015 407.70013 33.000015 323 C 33.000015 289 47.333344 260.3333 76.000015 236.99998 C 111.23735 207.63554 144.07024 202.32735 207.00002 190.99998 C 272.33334 178.33331 305 149.33331 305 103.999985 C 305 46.666656 269.6667 17.999985 199.00002 17.999985 C 130.33334 17.999985 86.33334 63.666656 67.000015 154.99998 C 64.33334 168.33331 58.666687 174.99998 50.000015 174.99998 C 38.666687 174.99998 33.000015 165.33331 33.000015 145.99998 L 33.000015 16.999985 C 33.000015 -1.666687 38.000015 -11.000015 48.000015 -11.000015 C 50.666687 -11.000015 55.833344 -7.666687 63.500015 -1.0000153 C 81.655624 14.78746 73.7466 11.746567 92.000015 29.999985 C 121.33334 2.6666565 157.00002 -11.000015 199.00002 -11.000015 C 293.8792 -11.000015 360 38.316498 360 129.99998 Z "/>
        </svg:g><svg:g transform="translate(394, 0)"><svg:path d="M 194 601 C 194 631.4052 169.43219 657 139 657 C 108.59477 657 83 631.4061 83 601 C 83 571.1666 108.42758 544 138 544 C 168.93571 544 194 569.76843 194 601 Z M 143 3 L 247 0 L 247 39 C 213.66667 39 194.16667 41 188.5 45 C 182.83333 49 180 60 180 78 L 180 445 L 37 433 L 37 395 C 70.33333 395 90.5 392.3333 97.5 387 C 104.5 381.6667 108 367.6667 108 345 L 108 79 C 108 59.66667 104.5 48.16667 97.5 44.5 C 90.5 40.83333 69 39 33 39 L 33 0 Z "/>
        </svg:g><svg:g transform="translate(672, 0)"><svg:path d="M 314 413 C 359.3333 413 382 377.6667 382 307 L 382 79 C 382 59.66667 378.5 48 371.5 44 C 364.5 40 342.6667 38 306 38 L 306 0 L 421 3 L 535 0 L 535 38 C 503 38 482.1667 39.33333 472.5 42 C 462.8333 44.66667 458 52 458 64 L 458 251 C 458 298.3333 456.6667 331.3333 454 350 C 444 411.3333 399.3333 442 320 442 C 257.3333 442 210.33331 412 178.99998 352 L 178.99998 442 L 31.999985 431 L 31.999985 393 C 67.999985 393 89.83331 390.1667 97.499985 384.5 C 105.16666 378.8333 108.999985 364.66666 108.999985 342 L 108.999985 79 C 108.999985 59.66667 105.33331 48 97.999985 44 C 90.66666 40 68.66666 38 31.999985 38 L 31.999985 0 L 146.99998 3 L 261 0 L 261 38 C 224.33333 38 202.5 40 195.5 44 C 188.5 48 185 59.66667 185 79 L 185 259 C 185 339.56024 236.30557 413 314 413 Z "/>
        </svg:g></svg:g>
        </svg:g>
        <svg:g transform="translate(68.292, 8.196)">
            <svg:g class="typst-text" transform="scale(0.012, -0.012)">
                <svg:g><svg:path d="M 318 -248 C 327.3333 -248 332 -243.33333 332 -234 C 332 -230.66667 330.3333 -227 327 -223 C 275 -183 233.33333 -117.33333 202 -26 C 174.66667 53.33333 161 131.33333 161 208 L 161 292 C 161 368.6667 174.66667 446.6667 202 526 C 233.33333 617.3333 275 683 327 723 C 330.3333 726.3333 332 730 332 734 C 332 743.3333 327.3333 748 318 748 C 316.6667 748 314.33334 747 311 745 C 251 699 200.66667 630.6667 160 540 C 120.66667 453.3333 101 370.66666 101 292 L 101 208 C 101 129.33333 120.66667 46.66667 160 -40 C 200.66667 -130.66667 251 -199 311 -245 C 314.3333 -247 316.66666 -248 318 -248 Z "/>
        </svg:g></svg:g>
        </svg:g>
        <svg:g transform="translate(72.96, 8.196)">
            <svg:g class="typst-text" transform="scale(0.012, -0.012)">
                <svg:g><svg:path d="M 505 391 C 505 379.6667 509 370.33334 517 363 C 541.6667 341.6667 554 314 554 280 C 554 266.6667 552.6667 254.66669 550 244.00002 C 530.37866 167.82306 477.0912 68.000015 396 68.000015 C 344 68.000015 313 96.000015 303 152.00002 C 315.6667 178.66669 325.6667 207.33334 333 238.00002 C 335.6667 249.33334 337 258 337 264 C 337 284 329.3333 294 314 294 C 276.10022 294 265.91846 198.20567 264 156 C 227.33333 97.33333 183.66667 68 133 68 C 78.33333 68 51 103.66667 51 175 C 51 195 53.66667 216 59 238 C 69.66667 282 98.66667 336.6667 146 402 C 150 407.3333 152 412.3333 152 417 C 152 430.3333 144.66667 437 130 437 C 122.66667 437 116 433.6667 110 427 C 61.007614 359.7779 13 242.47119 13 133 C 13 37 49 -11 121 -11 C 177.66667 -11 227.33333 21.666672 270 87 C 284 21.666672 321.6667 -11 383 -11 C 416.3333 -11 447 2 475 28 C 521.6667 72 557 142 581 238 C 596.3333 298.6667 604 342.33334 604 369 C 604 398.3333 597 419.3333 583 432 C 575.6667 438.6667 567.3334 442 558.00006 442 C 531.6733 442 505.00006 417.3801 505.00006 391 Z "/>
        </svg:g></svg:g>
        </svg:g>
        <svg:g transform="translate(83.2107, 8.196)">
            <svg:g class="typst-text" transform="scale(0.012, -0.012)">
                <svg:g><svg:path d="M 192 250 C 192 279.09802 168.09886 303 139 303 C 109.90196 303 86 279.09888 86 250.00002 C 86 220.90198 109.90114 197.00002 139 197.00002 C 168.09804 197.00002 192 220.90115 192 250.00002 Z "/>
        </svg:g></svg:g>
        </svg:g>
        <svg:g transform="translate(89.2133, 8.196)">
            <svg:g class="typst-text" transform="scale(0.012, -0.012)">
                <svg:g><svg:path d="M 330 419 C 330 428.3333 319.6667 433 299 433 L 218 433 C 244 537 257 591 257 595 C 257 615.6667 246.33333 626 225 626 C 202.33333 626 188 613 182 587 L 145 433 L 56 433 C 33.69197 433 23 432.28314 23 411 C 23 400.3333 33.33333 395 54 395 L 135 395 C 86.33333 200.33333 62 96.66667 62 84 C 62 28.287582 100.26053 -11 156 -11 C 194 -11 227.33333 6.3333282 256 41 C 280 69.66667 297.3333 97.66667 308 125 C 312 135.66667 314 142.33333 314 145 C 314 154.33333 309 159 299 159 C 291 159 285 153.66667 281 143 C 247 60.33333 205.66667 19 157 19 C 139.66667 19 131 32.66667 131 60 C 131 75.33333 133 91 137 107 L 208 395 L 297 395 C 322.8777 395 330 397.33197 330 419 Z "/>
        </svg:g></svg:g>
        </svg:g>
        <svg:g transform="translate(93.5453, 8.196)">
            <svg:g class="typst-text" transform="scale(0.012, -0.012)">
                <svg:g><svg:path d="M 78 -245 C 138 -199 188.33333 -130.66667 229 -40 C 268.3333 46.66667 288 129.33333 288 208 L 288 292 C 288 370.6667 268.3333 453.33334 228.99998 540 C 188.33331 630.6667 137.99998 699 77.999985 745 C 74.66666 747 72.33331 748 70.999985 748 C 61.666656 748 56.999985 743.3333 56.999985 734 C 56.999985 730 58.666656 726.3333 61.999985 723 C 113.999985 683 155.66666 617.3333 186.99998 526 C 214.33331 446.6667 227.99998 368.6667 227.99998 292 L 227.99998 208 C 227.99998 131.33333 214.33331 53.33333 186.99998 -26 C 155.66666 -117.33333 113.999985 -183 61.999985 -223 C 58.666656 -227 56.999985 -230.66667 56.999985 -234 C 56.999985 -243.33333 61.666656 -248 70.999985 -248 C 72.33331 -248 74.66666 -247 77.999985 -245 Z "/>
        </svg:g></svg:g>
        </svg:g>
    </svg:g>
    </svg:g></svg>