<!-- Created with Inkscape (http://www.inkscape.org/) --><svg xmlns:dc="http://purl.org/dc/elements/1.1/" xmlns:cc="http://creativecommons.org/ns#" xmlns:rdf="http://www.w3.org/1999/02/22-rdf-syntax-ns#" xmlns:svg="http://www.w3.org/2000/svg" xmlns="http://www.w3.org/2000/svg" version="1.1" width="793.7007874" height="1122.519685">
<ns0:namedview xmlns:ns0="http://sodipodi.sourceforge.net/DTD/sodipodi-0.dtd"/><svg:g xmlns:ns1="http://www.inkscape.org/namespaces/inkscape" ns1:label=""><svg:g transform="matrix(1.33333 0 0 1.33333 -83.204 -8.668)">
        <svg:g transform="translate(0, 13.66)">
            <svg:g class="typst-text" transform="scale(0.02, -0.02)">
                <svg:g><svg:path d="M 163 442 C 118.33333 442 83.33333 417 58 367 C 38.66667 327.6667 29 300.6667 29 286 C 29 276.6667 34.33333 272 45 272 C 58.690186 272 60.01068 278.04007 64 293 C 87.33333 372.3333 119.33333 412 160 412 C 173.33333 412 180 403 180 385 C 180 369 174.66667 346.3333 164 317 C 126 214.33333 107 144.66667 107 108 C 107 31.669037 154.40005 -13 231 -13 C 264.3333 -13 295 -1 323 23 C 287.6667 -109 232.66669 -175 158.00002 -175 C 124.000015 -175 101.000015 -164 89.000015 -142 C 129.00002 -140 149.00002 -121 149.00002 -85 C 149.00002 -59.66667 135.66669 -47 109.000015 -47 C 71.74512 -47 50.000015 -77.979294 50.000015 -115 C 50.000015 -170.2826 100.16965 -205 158.00002 -205 C 273.42285 -205 366.82858 -99.28848 392.00003 -1 L 486.00003 377 C 488.6667 387.6667 490 395.6667 490 401 C 490 421 479.3333 431 458 431 C 442 431 429.3333 423.3333 420 408 C 414 387.3333 409.3333 369.3333 406 354 L 342 97 C 332.3237 60.713867 278.81827 16 234 16 C 196 16 177 41.33333 177 92 C 177 134 193.66667 198 227 284 C 240.33333 318.6667 247 343 247 357 C 247 406.04575 212.07281 442 163 442 Z "/>
        </svg:g></svg:g>
        </svg:g>
        <svg:g transform="translate(15.9156, 13.66)">
            <svg:g class="typst-text" transform="scale(0.02, -0.02)">
                <svg:g><svg:path d="M 698 367 L 80 367 C 64 367 56 359.3333 56 344 C 56 328.6667 64 321 80 321 L 698 321 C 714 321 722 328.6667 722 344 C 722 356.3983 710.68823 367 698 367 Z M 698 179 L 80 179 C 64 179 56 171.33333 56 156 C 56 140.66667 64 133 80 133 L 698 133 C 714 133 722 140.66667 722 156 C 722 169.2549 711.2291 179 698 179 Z "/>
        </svg:g></svg:g>
        </svg:g>
        <svg:g transform="translate(37.0311, 13.66)">
            <svg:g class="typst-text" transform="scale(0.02, -0.02)">
                <svg:g><svg:path d="M 698 -37 L 413 -37 L 413 226 L 698 226 C 714 226 722 234 722 250 C 722 266 714 274 698 274 L 413 274 L 413 559 C 413 575 405 583 389 583 C 373 583 365 575 365 559 L 365 274 L 80 274 C 64 274 56 266 56 250 C 56 234 64 226 80 226 L 365 226 L 365 -37 L 80 -37 C 64 -37 56 -44.66667 56 -60 C 56 -76 64 -84 80 -84 L 698 -84 C 714 -84 722 -76 722 -60 C 722 -47.601715 710.68823 -37 698 -37 Z "/>
        </svg:g></svg:g>
        </svg:g>
        <svg:g transform="translate(52.5911, -3.958)">
            <svg:g class="typst-text" transform="scale(0.02, -0.02)">
                <svg:g><svg:path d="M 847 -2 C 851 6.6666718 853 12.666672 853 16 C 853 32 845 40 829 40 C 819.6667 40 813 35.66667 809 27 C 666.3333 -259 595 -403 595 -405 L 595 -406 C 595 -412.6667 526.6667 -558.3334 390 -843.00006 L 217 -461.00006 C 212.33333 -450.33337 207 -445.00006 201 -445.00006 C 197.66667 -445.00006 192 -448.00006 184 -454.00006 L 86 -528.00006 C 77.33333 -534.66675 73 -540.3334 73 -545.00006 C 73 -555.00006 77.66667 -560.00006 87 -560.00006 C 89.66667 -560.00006 95 -557.00006 103 -551.00006 L 151 -516.00006 L 345 -943.00006 C 349.6667 -954.3334 357 -960.00006 367 -960.00006 C 379 -960.00006 387.3333 -955.3334 392 -946.00006 Z "/>
        </svg:g></svg:g>
        </svg:g>
        <svg:g transform="translate(69.2511, -4.278)">
            <svg:path class="typst-shape" fill="none" stroke="#000000" stroke-width="0.96" stroke-linecap="butt" stroke-linejoin="miter" stroke-miterlimit="4" d="M 0 0 L 54.974888 0 "/>
        </svg:g>
        <svg:g transform="translate(69.2511, -1.416)">
            <svg:g class="typst-group">
                <svg:g>
                    <svg:g transform="translate(0, 15.076)">
                        <svg:g class="typst-text" transform="scale(0.02, -0.02)">
                            <svg:g><svg:path d="M 269 666 C 228.33333 624 168.33333 603 89 603 L 89 564 C 141 564 183.66667 572 217 588 L 217 82 C 217 64 212.5 52.33333 203.5 47 C 194.5 41.66667 170 39 130 39 L 95 39 L 95 0 C 120.33333 2 174.33333 3 257 3 C 339.6667 3 393.6667 2 419 0 L 419 39 L 384 39 C 342.6667 39 317.83334 41.66667 309.5 47 C 301.1667 52.33333 297 64 297 82 L 297 636 C 297 659.56604 295.16443 666 269 666 Z "/>
        </svg:g></svg:g>
                    </svg:g>
                    <svg:g transform="translate(14.4444, 15.076)">
                        <svg:g class="typst-text" transform="scale(0.02, -0.02)">
                            <svg:g><svg:path d="M 698 270 L 80 270 C 64 270 56 263.3333 56 249.99998 C 56 236.66666 64 229.99998 80 229.99998 L 698 229.99998 C 714 229.99998 722 236.66666 722 249.99998 C 722 261.5432 710.0764 269.99997 698 269.99997 Z "/>
        </svg:g></svg:g>
                    </svg:g>
                    <svg:g transform="translate(34.4489, 15.076)">
                        <svg:g class="typst-text" transform="scale(0.02, -0.02)">
                            <svg:g><svg:path d="M 527 373 C 527 418.92346 481.80792 442 432 442 C 389.3333 442 355 419 329 373 C 308.3333 419 272.66666 442 221.99998 442 C 173.33331 442 132.99998 419.3333 100.999985 374 C 73.66666 334.6667 59.999985 305.6667 59.999985 287 C 59.999985 277.6667 64.999985 273 74.999985 273 C 84.33331 273 89.999985 277.6667 91.999985 287 C 110.669205 345.3413 153.49274 413 219.99998 413 C 252.66666 413 269 392.3333 269 351 C 269 329.6667 251.33333 252.00002 216 118.000015 C 198.66667 51.333344 168.66667 18.000015 126 18.000015 C 112 18.000015 99.33333 20.666687 88 26.000015 C 114 36.000015 127 54.000015 127 80.000015 C 127 106.000015 113.66667 119.000015 87 119.000015 C 53.875824 119.000015 29 91.04677 29 58.000015 C 29 12.1085205 76.41077 -10.999985 125 -10.999985 C 167 -10.999985 201.33333 12.000015 228 58.000015 C 247.33333 12.000015 283 -10.999985 335 -10.999985 C 383 -10.999985 423 11.666687 455 57.000015 C 482.3333 96.33334 496 125.33334 496 144.00002 C 496 153.33334 491 158.00002 481 158.00002 C 472.3333 158.00002 466.66666 153.33334 464 144.00002 C 446.57916 87.09195 401.72522 18.000015 337 18.000015 C 303.6667 18.000015 287 38.333344 287 79.000015 C 287 91.66669 292.3333 120.33334 303 165.00002 L 337 300 C 355.6667 375.3333 387 413 431 413 C 445 413 457.6667 410.3333 469 405 C 442.3333 395.6667 429 377.6667 429 351 C 429 325 442.6667 312 470 312 C 501.7647 312 527 341.33868 527 373 Z "/>
        </svg:g></svg:g>
                    </svg:g>
                    <svg:g transform="translate(45.8889, 9.296)">
                        <svg:g class="typst-text" transform="scale(0.014, -0.014)">
                            <svg:g><svg:path d="M 119 424 C 150.79085 424 175 448.20844 175 480 C 175 516 156.33333 534.6667 119 536 C 141.3666 583.0876 190.544 621 256 621 C 344.1449 621 402 555.2719 402 467 C 402 419 384.6667 372.6667 350 328 C 332.6667 305.3333 319.6667 289.3333 311 280 L 74 45 C 60.69464 33.357803 63 29.960907 63 0 L 475 0 L 506 188 L 464 188 C 456.6667 134.66667 448.6667 104.33333 440 97 C 435.3333 93.66667 403.66666 92 345 92 L 175 92 C 241.66667 151.33333 304.3333 204.33333 363 251 C 407.6667 286.3333 440 317.3333 460 344 C 490 382.6667 505 423.6667 505 467 C 505 529 480.6667 578 432 614 C 388.6667 647.3333 335 664 271 664 C 216.33333 664 168.66667 648 128 616 C 84.66667 581.3333 63 537 63 483 C 63 448.5313 88.20494 424 119 424 Z "/>
        </svg:g></svg:g>
                    </svg:g>
                </svg:g>
            </svg:g>
        </svg:g>
    </svg:g>
    </svg:g></svg>