<!-- Created with Inkscape (http://www.inkscape.org/) --><svg xmlns:dc="http://purl.org/dc/elements/1.1/" xmlns:cc="http://creativecommons.org/ns#" xmlns:rdf="http://www.w3.org/1999/02/22-rdf-syntax-ns#" xmlns:svg="http://www.w3.org/2000/svg" xmlns="http://www.w3.org/2000/svg" version="1.1" width="793.7007874" height="1122.519685">
<ns0:namedview xmlns:ns0="http://sodipodi.sourceforge.net/DTD/sodipodi-0.dtd"/><svg:g xmlns:ns1="http://www.inkscape.org/namespaces/inkscape" ns1:label=""><svg:g transform="matrix(1.33333 0 0 1.33333 -38.2172 -19.404)">
        <svg:g transform="translate(0, 18.046)">
            <svg:g class="typst-text" transform="scale(0.014, -0.014)">
                <svg:g><svg:path d="M 798 -1245 C 814.6667 -1245 823 -1236.6666 823 -1220 C 823 -1212 819.6667 -1205.3334 813 -1200 C 732.3333 -1139.3334 658.6666 -1042.6667 591.99994 -910.00006 C 473.11798 -673.425 384.99994 -339.5996 384.99994 0.99993896 L 384.99994 498.99994 C 384.99994 653.6666 402.66663 809.6666 437.99994 966.99994 C 500.0499 1247.3738 629.95526 1562.3381 812.99994 1699.9998 C 819.6666 1705.3331 822.99994 1711.9998 822.99994 1719.9998 C 822.99994 1736.6664 814.6666 1744.9998 797.99994 1744.9998 C 792.6666 1744.9998 787.99994 1743.3331 783.99994 1739.9998 C 696.6666 1673.3331 613.99994 1573.6665 535.99994 1440.9999 C 398.38892 1205.0953 276.99994 849.84595 276.99994 498.99994 L 276.99994 0.99993896 C 276.99994 -328.83533 387.57104 -667.38983 511.99994 -899.00006 C 593.99994 -1050.3334 684.6666 -1164 783.99994 -1240 C 787.99994 -1243.3334 792.6666 -1245 797.99994 -1245 Z "/>
        </svg:g></svg:g>
        </svg:g>
        <svg:g transform="translate(12.25, -4.746)">
            <svg:g class="typst-group">
                <svg:g>
                    <svg:g transform="translate(0, 6.8012)">
                        <svg:g class="typst-text" transform="scale(0.0098, -0.0098)">
                            <svg:g><svg:path d="M 214 -10 C 259.3333 -10 305.3333 12 352 56 C 367.77014 14.997681 403.62854 -10 455 -10 C 488.3333 -10 515.3333 8 536 44 C 543.69855 56.830887 571 123.575775 571 144 C 571 155.33333 564.3333 161 551 161 C 545.6667 161 541.6667 160 539 158 C 531.6667 146 527.3334 136 526.00006 128 C 508.66675 59.33333 486.00006 25 458.00006 25 C 438.66675 25 429.00006 40 429.00006 70 C 429.00006 80.66667 434.00006 106 444.00006 146 L 466.00006 235 C 474.00006 268.3333 480.33337 293 485.00006 309 L 503.00006 387 C 503.00006 410.3333 490.66675 422 466.00006 422 C 442.66675 422 427.00006 410.6667 419.00006 388 C 393.66675 423.3333 360.3334 441 319.00006 441 C 251.00006 441 190.33339 410.3333 137.00006 349 C 86.33339 290.3333 61.00006 226.33331 61.00006 156.99998 C 61.00006 64.1481 123.06987 -10.000015 214.00006 -10.000015 Z M 385.00006 369 C 397.00006 347.6667 403.00006 332.6667 403.00006 324 C 403.00006 322.6667 402.66675 321 402.00006 319 L 354.00006 128 C 348.00006 104 329.66675 80.83333 299.00006 58.5 C 268.33337 36.16667 241.00005 25 217.00005 25 C 171.66672 25 149.00005 55.66667 149.00005 117 C 149.00005 141 154.50005 174.83333 165.50005 218.5 C 176.50005 262.1667 187.66672 294 199.00005 314 C 234.33337 375.3333 274.33337 406 319.00006 406 C 349.66675 406 371.66675 393.6667 385.00006 369 Z "/>
        </svg:g></svg:g>
                    </svg:g>
                    <svg:g transform="translate(0.0833, 20.7984)">
                        <svg:g class="typst-text" transform="scale(0.0098, -0.0098)">
                            <svg:g><svg:path d="M 477 629 C 477 625 475.6667 618 473 608 L 419 391 C 393.6667 426.3333 360.33334 444 319 444 C 251 444 190.33333 413 137 351 C 86.33333 291.6667 61 227.33334 61 158.00002 C 61 65.95683 121.89223 -9.999985 214 -9.999985 C 259.3333 -9.999985 305.3333 12.000015 352 56.000015 C 367.77014 14.997696 403.62854 -9.999985 455 -9.999985 C 499 -9.999985 532.3333 22.333344 555 87.000015 C 565.6667 117.66669 571 137.00002 571 145.00002 C 571 156.33334 564.3333 162.00002 551 162.00002 C 545.6667 162.00002 541.6667 161.00002 539 159.00002 C 532.3333 147.00002 528 136.66669 526 128.00002 C 508.6667 60.000015 486 26.000015 458 26.000015 C 438.6667 26.000015 429 40.666687 429 70.000015 C 429 83.33334 430.6667 96.66669 434 110.000015 L 571 659 C 571.6667 661 573 666.6667 575 676 C 575 688 568.3333 694 555 694 L 429 684 C 412.3333 682.6667 404 673.6667 404 657 C 404 645.6667 413.6667 640 433 640 C 450.08563 640 477 640.2923 477 629 Z M 385 371 C 397 350.3333 403 335.3333 403 326 C 403 324.6667 402.6667 323 402 321 L 354 128 C 348 104.66667 329.8333 81.83333 299.5 59.5 C 269.1667 37.16667 241.66669 26 217.00002 26 C 171.66669 26 149.00002 56.66667 149.00002 118 C 149.00002 142 154.50002 176 165.50002 220 C 176.50002 264 187.66669 296 199.00002 316 C 234.33334 377.3333 274.33334 408 319 408 C 349.6667 408 371.6667 395.6667 385 371 Z "/>
        </svg:g></svg:g>
                    </svg:g>
                    <svg:g transform="translate(0.2744, 36.5988)">
                        <svg:g class="typst-text" transform="scale(0.0098, -0.0098)">
                            <svg:g><svg:path d="M 250 -2 C 289.3333 -2 328 13.333328 366 44 C 338.1936 -74.640686 319.02948 -168 186.00003 -168 C 160.6667 -168 139.00003 -166.66667 121.00003 -164 C 137.00003 -152.66667 145.00003 -136.66667 145.00003 -116 C 145.00003 -89.33333 131.00003 -76 103.00003 -76 C 68.54251 -76 43.00003 -105.645966 43.00003 -140 C 43.00003 -170 61.00003 -188.66667 97.00003 -196 C 123.6667 -201.33333 153.6667 -204 187.00003 -204 C 241.00003 -204 289.00003 -194 331.00003 -174 C 381.6667 -149.33333 413 -113.33333 425 -66 L 532 365 C 534.6667 375.6667 536 383 536 387 C 536 410.3333 523.6667 422 499 422 C 476.3333 422 460.66666 411.3333 452 390 C 428 424 394.6667 441 352 441 C 284.6667 441 225.16669 411.8333 173.50002 353.5 C 121.83334 295.1667 96.000015 231.66669 96.000015 163.00002 C 96.000015 70.32028 157.03142 -1.9999847 250.00002 -1.9999847 Z M 401 387 C 423.6667 366.3333 435.33334 346 436 326 L 389 134 C 386.3333 123.33333 379.66666 111.66667 369 99 C 332.3333 55 293.66666 33 252.99998 33 C 206.33331 33 182.99998 63 182.99998 123 C 182.99998 147 188.49998 180.5 199.49998 223.5 C 210.49998 266.5 221.99998 298 233.99998 318 C 268.66666 376 308 405 352 405 C 371.3333 405 387.66666 399 401 387 Z "/>
        </svg:g></svg:g>
                    </svg:g>
                    <svg:g transform="translate(13.8943, 6.8012)">
                        <svg:g class="typst-text" transform="scale(0.0098, -0.0098)">
                            <svg:g><svg:path d="M 320 444 C 280.6667 444 241.66669 428 203.00002 396 L 268 659 C 268.6667 661 270 666.6667 272 676 C 272 688 265.3333 694 251.99998 694 L 125.999985 684 C 109.33331 682.6667 100.999985 673.6667 100.999985 657 C 100.999985 645.6667 110.999985 640 130.99998 640 C 148.24687 640 173.99998 640.35596 173.99998 629 C 173.99998 626.3333 172.66666 619.3333 169.99998 608 C 154.66666 546.6667 143.33331 500.6667 135.99998 470 L 70.999985 207 C 67.66666 193 65.999985 176.33333 65.999985 157 C 65.999985 63.54698 122.71959 -10 213.99998 -10 C 282 -10 342.3333 20.666672 395 82 C 445.6667 141.33333 471 205.66667 471 275 C 471 369.6701 412.08478 444 320 444 Z M 143 122 C 143 148.66667 155.33333 209 180 303 C 182.66667 315.6667 190.33333 329.33334 203 344 C 239.66667 386.6667 277.6667 408 317 408 C 362.3333 408 385 377.3333 385 316 C 385 258.44177 354.21167 160.48885 334.5 120.000015 C 314.02924 77.95195 269.40662 26.000015 215 26.000015 C 166.97086 26.000015 143 70.1118 143 122.000015 Z "/>
        </svg:g></svg:g>
                    </svg:g>
                    <svg:g transform="translate(13.6983, 20.7984)">
                        <svg:g class="typst-text" transform="scale(0.0098, -0.0098)">
                            <svg:g><svg:path d="M 474 126 C 468 126 462 122 456 114 C 404.6667 54.66667 336 25 250 25 C 186.66667 25 155 63.33333 155 140 C 155 161.33333 158.66667 189.33333 166 224 L 225 224 C 390.3333 224 473 266.3333 473 351 C 473 409.9978 411.0044 441 348 441 C 306 441 264 431.3333 222 412 C 141.34322 374.59393 67 288.53552 67 179 C 67 68.93465 137.72412 -10 248 -10 C 310 -10 363 2 407 26 C 430.13718 38.956818 495 81.02492 495 105 C 495 113.89804 483.46286 126 474 126 Z M 423 351 C 423 289.6667 355 259 219 259 L 176 259 C 194.66667 322.3333 225 363.66666 267 383 C 299.6667 398.3333 326.6667 406 348 406 C 386.0496 406 423 386.55756 423 351 Z "/>
        </svg:g></svg:g>
                    </svg:g>
                    <svg:g transform="translate(13.076, 36.5988)">
                        <svg:g class="typst-text" transform="scale(0.0098, -0.0098)">
                            <svg:g><svg:path d="M 223 629 C 223 625 221.66667 618 219 608 C 171.17725 416.82275 124.52504 224.47496 76 34 C 75.33333 30 75 27.333328 75 26 C 75 2 87.33333 -10 112 -10 C 141.5571 -10 154.47653 9.020203 163 38 L 196 169 C 206.8702 216.55713 218.05565 270.58347 241 305 C 285.6667 373.6667 337 408 395 408 C 431 408 449 386.3333 449 343 C 449 304.3333 430 234.66666 392 133.99998 C 382 107.33331 377 88.999985 377 78.999985 C 377 24.516327 419.72412 -10.000015 474 -10.000015 C 521.3333 -10.000015 558.6666 14.333313 585.99994 62.999985 C 608.6666 103.66666 619.99994 130.99998 619.99994 144.99998 C 619.99994 156.33331 613.33325 161.99998 599.99994 161.99998 C 593.33325 161.33331 586.33325 155.99998 578.99994 145.99998 C 578.33325 144.66666 577.99994 143.33331 577.99994 141.99998 C 555.33325 64.66666 521.6666 25.999985 476.99994 25.999985 C 462.99994 25.999985 455.99994 35.999985 455.99994 55.999985 C 455.99994 70.66666 463.66663 96.999985 478.99994 134.99998 C 513.6666 224.33331 530.99994 288.3333 530.99994 327 C 530.99994 405 486.99994 444 398.99994 444 C 342.33325 444 291.33325 420 245.99992 372 L 316.99994 659 C 317.66663 661 318.99994 666.6667 320.99994 676 C 320.99994 688 314.66663 694 301.99994 694 L 174.99994 684 C 158.33327 682.6667 149.99994 673.6667 149.99994 657 C 149.99994 645.6667 159.66661 640 178.99994 640 C 196.88814 640 222.99994 640.5079 222.99994 629 Z "/>
        </svg:g></svg:g>
                    </svg:g>
                    <svg:g transform="translate(27.1663, 6.8012)">
                        <svg:g class="typst-text" transform="scale(0.0098, -0.0098)">
                            <svg:g><svg:path d="M 474 126 C 468 126 462 122 456 114 C 404.6667 54.66667 336 25 250 25 C 184 25 151 60.33333 151 131 C 151 199.32002 184.20004 291.07416 215 331 C 253 381 298 406 350 406 C 384.6667 406 410.33334 398 427 382 C 396.3333 374.6667 381 355.6667 381 325 C 381 298.3333 395 285 423 285 C 460.22876 285 483 314.95325 483 352 C 483 414.7423 419.06937 441 350 441 C 276.6667 441 210.33334 413.1667 151.00002 357.5 C 91.66669 301.8333 62.000015 237.66666 62.000015 164.99998 C 62.000015 59.602066 142.5543 -10.000015 248.00002 -10.000015 C 310 -10.000015 363 1.9999847 407 25.999985 C 430.13718 38.956802 495 81.0249 495 104.999985 C 495 113.898026 483.46286 125.999985 474 125.999985 Z "/>
        </svg:g></svg:g>
                    </svg:g>
                    <svg:g transform="translate(26.6322, 20.7984)">
                        <svg:g class="typst-text" transform="scale(0.0098, -0.0098)">
                            <svg:g><svg:path d="M 604 630 C 604 677.8902 553.7501 704 502 704 C 478 704 455 697.3333 433 684 C 395.6667 662 370.33334 622.3333 357 565 C 351.6667 541 343.33334 497 332 433 L 257 433 C 233.58588 433 221 430.6197 221 408 C 221 396 232.33333 390 255 390 L 323 390 L 238 -74 C 226 -136.66667 204.33333 -168 173 -168 L 166 -168 C 155.33333 -166.66667 146.33333 -164.33333 139 -161 C 157.9791 -152.24042 176 -128.58461 176 -106 C 176 -82.13072 156.81763 -65 133 -65 C 98.54248 -65 73 -95.67201 73 -130 C 73 -177.52567 122.40677 -204 173 -204 C 192.33333 -204 211.66667 -197.66667 231 -185 C 257 -167.66667 278 -144.33333 294 -115 C 318.6667 -70.33333 339 -3 355 87 L 409 390 L 503 390 C 526.6437 390 539 393.1607 539 416 C 539 427.3333 527.3333 433 504 433 L 418 433 C 438 543.6667 450.3333 609 455 629 C 461.6667 655 477.33334 668 502 668 L 509 668 C 521 666.6667 530.6667 664.3334 538 661.00006 C 519.0209 652.2405 500.99997 628.58466 500.99997 606.00006 C 500.99997 582.1308 520.1824 565.00006 544 565.00006 C 578.4575 565.00006 604 595.67206 604 630.00006 Z "/>
        </svg:g></svg:g>
                    </svg:g>
                    <svg:g transform="translate(27.7494, 36.5988)">
                        <svg:g class="typst-text" transform="scale(0.0098, -0.0098)">
                            <svg:g><svg:path d="M 325 621 C 325 644.84314 305.81763 663 282 663 C 252.21732 663 223 634.504 223 605 C 223 581.15686 242.18237 563 266 563 C 295.78268 563 325 591.496 325 621 Z M 192 444 C 145.33333 444 108.33333 420 81 372 C 58.33333 332 47 304 47 288 C 47 277.3333 53.66667 272 67 272 C 77.66667 272 85 278 89 290 C 111.66667 368.6667 145 408 189 408 C 203 408 210 397.6667 210 377 C 210 364.3333 200 332 180 280 L 118 121 C 112 105 109 90.66667 109 78 C 109 25.759903 153.66695 -10 206 -10 C 252.66667 -10 289.3333 14.333328 316 63 C 338.6667 103 350 130.33333 350 145 C 350 156.33333 343.3333 162 330 162 C 324 161.33333 317.3333 156 310 146 C 308.6667 144.66667 308 143.33333 308 142 C 285.3333 64.66667 252.33331 26 208.99998 26 C 194.99998 26 187.99998 36 187.99998 56 C 187.99998 71.33333 193.33331 92 203.99998 118 L 283 323 C 287 333.6667 289 344.6667 289 356 C 289 408.2401 244.33305 444 192 444 Z "/>
        </svg:g></svg:g>
                    </svg:g>
                </svg:g>
            </svg:g>
        </svg:g>
        <svg:g transform="translate(45.0758, 18.06)">
            <svg:g class="typst-text" transform="scale(0.014, -0.014)">
                <svg:g><svg:path d="M 598 1 L 598 499 C 598 828.83527 487.4289 1167.3898 363 1399 C 281 1550.3334 190.33333 1664 91 1740 C 87 1743.3334 82.33333 1745 77 1745 C 60.33333 1745 52 1736.6666 52 1720 C 52 1712 55.33333 1705.3334 62 1700 C 142.66667 1639.3334 216.33333 1542.6667 283 1410.0001 C 401.88196 1173.425 490 839.5997 490 499.00012 L 490 1.0001221 C 490 -153.66655 472.3333 -309.66656 437 -466.99988 C 374.95004 -747.3738 245.04466 -1062.3381 62 -1199.9998 C 55.33333 -1205.3331 52 -1211.9998 52 -1219.9998 C 52 -1236.6664 60.33333 -1244.9998 77 -1244.9998 C 82.33333 -1244.9998 87 -1243.3331 91 -1239.9998 C 178.33333 -1173.3331 261 -1073.6665 339 -940.9998 C 476.61102 -705.0952 598 -349.84583 598 1.0001831 Z "/>
        </svg:g></svg:g>
        </svg:g>
    </svg:g>
    </svg:g></svg>